
Memory Configuration

Name             Origin             Length             Attributes
*default*        0x0000000000000000 0xffffffffffffffff

Linker script and memory map

                0x0000000000000000                . = 0x0

.text           0x0000000000000000      0x284
 *(vector_start)
 *(.text .rodata)
 .text          0x0000000000000000       0xd4 build/Entry.os
                0x0000000000000000                vector_start
                0x000000000000003c                vector_end
 .text          0x00000000000000d4       0x6c build/Main.o
                0x00000000000000d4                main
 .rodata        0x0000000000000140        0xe build/Main.o
 .text          0x000000000000014e        0x0 build/Regs.o
 *fill*         0x000000000000014e        0x2 
 .text          0x0000000000000150       0xd4 build/Uart.o
                0x0000000000000150                Hal_uart_init
                0x00000000000001c8                Hal_uart_put_char
 .text          0x0000000000000224       0x60 build/studio.o
                0x0000000000000224                putstr

.glue_7         0x0000000000000284        0x0
 .glue_7        0x0000000000000284        0x0 linker stubs

.glue_7t        0x0000000000000284        0x0
 .glue_7t       0x0000000000000284        0x0 linker stubs

.vfp11_veneer   0x0000000000000284        0x0
 .vfp11_veneer  0x0000000000000284        0x0 linker stubs

.v4_bx          0x0000000000000284        0x0
 .v4_bx         0x0000000000000284        0x0 linker stubs

.iplt           0x0000000000000284        0x0
 .iplt          0x0000000000000284        0x0 build/Entry.os

.rel.dyn        0x0000000000000284        0x0
 .rel.iplt      0x0000000000000284        0x0 build/Entry.os

.data           0x0000000000000284        0x4
 *(.data)
 .data          0x0000000000000284        0x0 build/Entry.os
 .data          0x0000000000000284        0x0 build/Main.o
 .data          0x0000000000000284        0x4 build/Regs.o
                0x0000000000000284                Uart
 .data          0x0000000000000288        0x0 build/Uart.o
 .data          0x0000000000000288        0x0 build/studio.o

.igot.plt       0x0000000000000288        0x0
 .igot.plt      0x0000000000000288        0x0 build/Entry.os

.bss            0x0000000000000288        0x0
 *(.bss)
 .bss           0x0000000000000288        0x0 build/Entry.os
 .bss           0x0000000000000288        0x0 build/Main.o
 .bss           0x0000000000000288        0x0 build/Regs.o
 .bss           0x0000000000000288        0x0 build/Uart.o
 .bss           0x0000000000000288        0x0 build/studio.o
LOAD build/Entry.os
LOAD build/Main.o
LOAD build/Regs.o
LOAD build/Uart.o
LOAD build/studio.o
OUTPUT(build/navilos.axf elf32-littlearm)
LOAD linker stubs

.ARM.attributes
                0x0000000000000000       0x2b
 .ARM.attributes
                0x0000000000000000       0x1d build/Entry.os
 .ARM.attributes
                0x000000000000001d       0x2f build/Main.o
 .ARM.attributes
                0x000000000000004c       0x2f build/Regs.o
 .ARM.attributes
                0x000000000000007b       0x2f build/Uart.o
 .ARM.attributes
                0x00000000000000aa       0x2f build/studio.o

.comment        0x0000000000000000       0x59
 .comment       0x0000000000000000       0x59 build/Main.o
                                         0x5a (size before relaxing)
 .comment       0x0000000000000059       0x5a build/Regs.o
 .comment       0x0000000000000059       0x5a build/Uart.o
 .comment       0x0000000000000059       0x5a build/studio.o

.debug_line     0x0000000000000000      0x340
 .debug_line    0x0000000000000000       0x6d build/Entry.os
 .debug_line    0x000000000000006d       0xd5 build/Main.o
 .debug_line    0x0000000000000142       0x6f build/Regs.o
 .debug_line    0x00000000000001b1       0xbe build/Uart.o
 .debug_line    0x000000000000026f       0xd1 build/studio.o

.debug_info     0x0000000000000000     0x2994
 .debug_info    0x0000000000000000       0x26 build/Entry.os
 .debug_info    0x0000000000000026      0x956 build/Main.o
 .debug_info    0x000000000000097c      0xb46 build/Regs.o
 .debug_info    0x00000000000014c2      0xb8b build/Uart.o
 .debug_info    0x000000000000204d      0x947 build/studio.o

.debug_abbrev   0x0000000000000000      0x62c
 .debug_abbrev  0x0000000000000000       0x14 build/Entry.os
 .debug_abbrev  0x0000000000000014      0x1fd build/Main.o
 .debug_abbrev  0x0000000000000211       0xf8 build/Regs.o
 .debug_abbrev  0x0000000000000309      0x143 build/Uart.o
 .debug_abbrev  0x000000000000044c      0x1e0 build/studio.o

.debug_aranges  0x0000000000000000       0x98
 .debug_aranges
                0x0000000000000000       0x20 build/Entry.os
 .debug_aranges
                0x0000000000000020       0x20 build/Main.o
 .debug_aranges
                0x0000000000000040       0x18 build/Regs.o
 .debug_aranges
                0x0000000000000058       0x20 build/Uart.o
 .debug_aranges
                0x0000000000000078       0x20 build/studio.o

.debug_str      0x0000000000000000      0x84d
 .debug_str     0x0000000000000000       0x35 build/Entry.os
 .debug_str     0x0000000000000035      0x4d1 build/Main.o
                                        0x53f (size before relaxing)
 .debug_str     0x0000000000000506      0x302 build/Regs.o
                                        0x431 (size before relaxing)
 .debug_str     0x0000000000000808       0x38 build/Uart.o
                                        0x459 (size before relaxing)
 .debug_str     0x0000000000000840        0xd build/studio.o
                                        0x533 (size before relaxing)

.debug_frame    0x0000000000000000       0xcc
 .debug_frame   0x0000000000000000       0x4c build/Main.o
 .debug_frame   0x000000000000004c       0x50 build/Uart.o
 .debug_frame   0x000000000000009c       0x30 build/studio.o
