Archive member included to satisfy reference by file (symbol)

/usr/lib/gcc/arm-none-eabi/9.2.1/libgcc.a(_udivsi3.o)
                              build/stdio.o (__aeabi_uidiv)
/usr/lib/gcc/arm-none-eabi/9.2.1/libgcc.a(_dvmd_tls.o)
                              /usr/lib/gcc/arm-none-eabi/9.2.1/libgcc.a(_udivsi3.o) (__aeabi_idiv0)

Memory Configuration

Name             Origin             Length             Attributes
*default*        0x0000000000000000 0xffffffffffffffff

Linker script and memory map

LOAD build/Entry.os
LOAD build/Main.o
LOAD build/Regs.o
LOAD build/Uart.o
LOAD build/stdio.o
LOAD /usr/lib/gcc/arm-none-eabi/9.2.1/libgcc.a
                0x0000000000000000                . = 0x0

.text           0x0000000000000000      0x98c
 *(vector_start)
 *(.text .rodata)
 .text          0x0000000000000000       0xd4 build/Entry.os
                0x0000000000000000                vector_start
                0x000000000000003c                vector_end
 .text          0x00000000000000d4      0x14c build/Main.o
                0x00000000000000d4                main
 .rodata        0x0000000000000220       0x9b build/Main.o
 .text          0x00000000000002bb        0x0 build/Regs.o
 *fill*         0x00000000000002bb        0x1 
 .text          0x00000000000002bc      0x15c build/Uart.o
                0x00000000000002bc                Hal_uart_init
                0x0000000000000334                Hal_uart_put_char
                0x0000000000000390                Hal_uart_get_char
 .text          0x0000000000000418      0x454 build/stdio.o
                0x0000000000000418                putstr
                0x0000000000000478                debug_printf
                0x00000000000004c8                vsprintf
                0x0000000000000748                utoa
 .rodata        0x000000000000086c        0x7 build/stdio.o
 *fill*         0x0000000000000873        0x1 
 .text          0x0000000000000874      0x114 /usr/lib/gcc/arm-none-eabi/9.2.1/libgcc.a(_udivsi3.o)
                0x0000000000000874                __udivsi3
                0x0000000000000874                __aeabi_uidiv
                0x0000000000000968                __aeabi_uidivmod
 .text          0x0000000000000988        0x4 /usr/lib/gcc/arm-none-eabi/9.2.1/libgcc.a(_dvmd_tls.o)
                0x0000000000000988                __aeabi_ldiv0
                0x0000000000000988                __aeabi_idiv0

.glue_7         0x000000000000098c        0x0
 .glue_7        0x000000000000098c        0x0 linker stubs

.glue_7t        0x000000000000098c        0x0
 .glue_7t       0x000000000000098c        0x0 linker stubs

.vfp11_veneer   0x000000000000098c        0x0
 .vfp11_veneer  0x000000000000098c        0x0 linker stubs

.v4_bx          0x000000000000098c        0x0
 .v4_bx         0x000000000000098c        0x0 linker stubs

.iplt           0x000000000000098c        0x0
 .iplt          0x000000000000098c        0x0 build/Entry.os

.rel.dyn        0x000000000000098c        0x0
 .rel.iplt      0x000000000000098c        0x0 build/Entry.os

.data           0x000000000000098c        0x4
 *(.data)
 .data          0x000000000000098c        0x0 build/Entry.os
 .data          0x000000000000098c        0x0 build/Main.o
 .data          0x000000000000098c        0x4 build/Regs.o
                0x000000000000098c                Uart
 .data          0x0000000000000990        0x0 build/Uart.o
 .data          0x0000000000000990        0x0 build/stdio.o
 .data          0x0000000000000990        0x0 /usr/lib/gcc/arm-none-eabi/9.2.1/libgcc.a(_udivsi3.o)
 .data          0x0000000000000990        0x0 /usr/lib/gcc/arm-none-eabi/9.2.1/libgcc.a(_dvmd_tls.o)

.igot.plt       0x0000000000000990        0x0
 .igot.plt      0x0000000000000990        0x0 build/Entry.os

.bss            0x0000000000000990      0x400
 *(.bss)
 .bss           0x0000000000000990        0x0 build/Entry.os
 .bss           0x0000000000000990        0x0 build/Main.o
 .bss           0x0000000000000990        0x0 build/Regs.o
 .bss           0x0000000000000990        0x0 build/Uart.o
 .bss           0x0000000000000990      0x400 build/stdio.o
 .bss           0x0000000000000d90        0x0 /usr/lib/gcc/arm-none-eabi/9.2.1/libgcc.a(_udivsi3.o)
 .bss           0x0000000000000d90        0x0 /usr/lib/gcc/arm-none-eabi/9.2.1/libgcc.a(_dvmd_tls.o)
OUTPUT(build/navilos.axf elf32-littlearm)
LOAD linker stubs

.ARM.attributes
                0x0000000000000000       0x2b
 .ARM.attributes
                0x0000000000000000       0x1d build/Entry.os
 .ARM.attributes
                0x000000000000001d       0x2f build/Main.o
 .ARM.attributes
                0x000000000000004c       0x2f build/Regs.o
 .ARM.attributes
                0x000000000000007b       0x2f build/Uart.o
 .ARM.attributes
                0x00000000000000aa       0x2f build/stdio.o
 .ARM.attributes
                0x00000000000000d9       0x1c /usr/lib/gcc/arm-none-eabi/9.2.1/libgcc.a(_udivsi3.o)
 .ARM.attributes
                0x00000000000000f5       0x1c /usr/lib/gcc/arm-none-eabi/9.2.1/libgcc.a(_dvmd_tls.o)

.comment        0x0000000000000000       0x59
 .comment       0x0000000000000000       0x59 build/Main.o
                                         0x5a (size before relaxing)
 .comment       0x0000000000000059       0x5a build/Regs.o
 .comment       0x0000000000000059       0x5a build/Uart.o
 .comment       0x0000000000000059       0x5a build/stdio.o

.debug_line     0x0000000000000000      0x469
 .debug_line    0x0000000000000000       0x6d build/Entry.os
 .debug_line    0x000000000000006d       0x9a build/Main.o
 .debug_line    0x0000000000000107       0x4e build/Regs.o
 .debug_line    0x0000000000000155       0xd1 build/Uart.o
 .debug_line    0x0000000000000226      0x178 build/stdio.o
 .debug_line    0x000000000000039e       0x74 /usr/lib/gcc/arm-none-eabi/9.2.1/libgcc.a(_udivsi3.o)
 .debug_line    0x0000000000000412       0x57 /usr/lib/gcc/arm-none-eabi/9.2.1/libgcc.a(_dvmd_tls.o)

.debug_info     0x0000000000000000     0x1b31
 .debug_info    0x0000000000000000       0x26 build/Entry.os
 .debug_info    0x0000000000000026      0x11d build/Main.o
 .debug_info    0x0000000000000143      0xb38 build/Regs.o
 .debug_info    0x0000000000000c7b      0xba7 build/Uart.o
 .debug_info    0x0000000000001822      0x2c3 build/stdio.o
 .debug_info    0x0000000000001ae5       0x26 /usr/lib/gcc/arm-none-eabi/9.2.1/libgcc.a(_udivsi3.o)
 .debug_info    0x0000000000001b0b       0x26 /usr/lib/gcc/arm-none-eabi/9.2.1/libgcc.a(_dvmd_tls.o)

.debug_abbrev   0x0000000000000000      0x4a8
 .debug_abbrev  0x0000000000000000       0x14 build/Entry.os
 .debug_abbrev  0x0000000000000014       0xd1 build/Main.o
 .debug_abbrev  0x00000000000000e5       0xf8 build/Regs.o
 .debug_abbrev  0x00000000000001dd      0x172 build/Uart.o
 .debug_abbrev  0x000000000000034f      0x131 build/stdio.o
 .debug_abbrev  0x0000000000000480       0x14 /usr/lib/gcc/arm-none-eabi/9.2.1/libgcc.a(_udivsi3.o)
 .debug_abbrev  0x0000000000000494       0x14 /usr/lib/gcc/arm-none-eabi/9.2.1/libgcc.a(_dvmd_tls.o)

.debug_aranges  0x0000000000000000       0xd8
 .debug_aranges
                0x0000000000000000       0x20 build/Entry.os
 .debug_aranges
                0x0000000000000020       0x20 build/Main.o
 .debug_aranges
                0x0000000000000040       0x18 build/Regs.o
 .debug_aranges
                0x0000000000000058       0x20 build/Uart.o
 .debug_aranges
                0x0000000000000078       0x20 build/stdio.o
 .debug_aranges
                0x0000000000000098       0x20 /usr/lib/gcc/arm-none-eabi/9.2.1/libgcc.a(_udivsi3.o)
 .debug_aranges
                0x00000000000000b8       0x20 /usr/lib/gcc/arm-none-eabi/9.2.1/libgcc.a(_dvmd_tls.o)

.debug_str      0x0000000000000000      0x5aa
 .debug_str     0x0000000000000000       0x35 build/Entry.os
 .debug_str     0x0000000000000035      0x138 build/Main.o
                                        0x172 (size before relaxing)
 .debug_str     0x000000000000016d      0x302 build/Regs.o
                                        0x428 (size before relaxing)
 .debug_str     0x000000000000046f       0x35 build/Uart.o
                                        0x467 (size before relaxing)
 .debug_str     0x00000000000004a4       0x88 build/stdio.o
                                        0x1c8 (size before relaxing)
 .debug_str     0x000000000000052c       0x7e /usr/lib/gcc/arm-none-eabi/9.2.1/libgcc.a(_udivsi3.o)
                                         0x8a (size before relaxing)
 .debug_str     0x00000000000005aa       0x8a /usr/lib/gcc/arm-none-eabi/9.2.1/libgcc.a(_dvmd_tls.o)

.debug_frame    0x0000000000000000      0x1a8
 .debug_frame   0x0000000000000000       0x6c build/Main.o
 .debug_frame   0x000000000000006c       0x70 build/Uart.o
 .debug_frame   0x00000000000000dc       0xac build/stdio.o
 .debug_frame   0x0000000000000188       0x20 /usr/lib/gcc/arm-none-eabi/9.2.1/libgcc.a(_udivsi3.o)
